
Memory Configuration

Name             Origin             Length             Attributes
*default*        0x00000000         0xffffffff

Linker script and memory map

LOAD obj/0Start.o
LOAD obj/Interrupts.o
LOAD obj/main.o
                0x00100000                . = 0x100000

.text           0x00100000     0x9eb4
                0x00100000                _KERNEL_START = .
 *(.text)
 .text          0x00100000      0x1cd obj/0Start.o
                0x0010001c                system_halt
                0x00100020                _realmode_begin
                0x00100004                Mboot
                0x001001cd                _realmode_end
 *fill*         0x001001cd        0x3 00
 .text          0x001001d0      0x414 obj/Interrupts.o
                0x001004e4                _INTERRUPT_TAB@0
 .text          0x001005e4     0x98d0 obj/main.o
                0x00107964                __ZN15THREADSCHEDULER17SETTHREADREALTIMEEP6THREADm@12
                0x00103284                _STRCMPIGNORECASE@8
                0x00100bf4                _KTSS_SET_CR3@4
                0x001018c4                _GET_RTC_UPDATE_IN_PROGRESS_FLAG@0
                0x00109324                __ZN11IPCENDPOINT10CREATENAMEEPhP6THREADmm@16
                0x001065b4                __ZN7PROCESS10ALLOCSTACKEm@8
                0x00101844                _PIC_INIT@0
                0x00109564                __ZN11IPCENDPOINTD1Ev
                0x00107684                __ZN11THREADQUEUE10RTCDEQUEUEEv@4
                0x001031b4                _STRLASTINDEXOF@8
                0x00106b04                __ZN7PROCESS12CREATEKERNELEm@4
                0x00102f24                _STRTRIM@4
                0x001056b4                _IRQ_ENABLE@4
                0x00105334                _KALLOC@4
                0x00103974                _STRCAT@8
                0x001026f4                _CONSOLECLEAR@0
                0x00100f74                _VMM_KERNEL_AUTOMAP@12
                0x00106194                __ZN7PROCESSD1Ev
                0x00107084                __ZN6THREAD11INITMANAGEREv@0
                0x00102e44                _STRLEN@4
                0x00106664                __ZN7PROCESS9DOLOADELFEv@4
                0x00102e84                _STRWLEN@4
                0x00109124                __ZN5MUTEX7RELEASEEP6THREAD@8
                0x001091a4                _IPC_INIT@0
                0x001070e4                __ZN6THREAD5READYEv@0
                0x00108c94                _XAPPSIGNAL2PARAMETERS@16
                0x00106334                __ZN7PROCESS11DELETEMUTEXEPv@8
                0x00103384                _STRNCMP@12
                0x00102ed4                _STRDLEN@4
                0x00107464                __ZN6THREAD13CHECKFOREVENTEv@4
                0x00105244                __ZN4SLAB11ISVALIDADDREPv@8
                0x00106444                __ZN7PROCESS16FINDADDRESSSPACEEm@8
                0x00108d24                _XAPPSIGNAL6PARAMETERS@32
                0x00106584                __ZN7PROCESS9ALLOCHEAPEm@8
                0x00106cd4                __ZN7PROCESS16REQUESTTERMINATEEPS_@4
                0x00107264                __ZN6THREAD6CREATEEP7PROCESSm@8
                0x00104ba4                _PMM_STRIPE@8
                0x00102cb4                _SQRT@8
                0x00109244                __ZN11IPCENDPOINT10FINDBYNAMEEPh@4
                0x00102894                _CONSOLEWRITESIGNED@4
                0x00105794                _IRQ_ATTACH_HANDLER@8
                0x00108ec4                __ZN6SIGNAL4WAITEP6THREAD@8
                0x00109cd4                _IRQ_EVENT_SIGNAL@4
                0x00104624                _ATOF@4
                0x001007c4                _PARSE_CMD_ARG@4
                0x001049f4                _PMM_GET_FREEPAGES_COUNT@0
                0x00100a24                _DOREALMODEACTIONREG@32
                0x00103f34                _ULONGTOSTR@8
                0x001063c4                __ZN7PROCESS18CREATEADDRESSSPACEEm@8
                0x001092f4                __ZN11IPCENDPOINT15CREATEANONYMOUSEP6THREADmm@12
                0x00103484                _STRWCMP@8
                0x001010a4                __ZN10VMMCONTEXT10INITIALIZEEv@4
                0x00105fb4                __ZN7PROCESSC1Ev
                0x001030d4                _STRINDEXOF@8
                0x00107a24                __ZN15THREADSCHEDULER8SCHEDULEEv@4
                0x00101eb4                _CONSOLEINIT@0
                0x001027a4                _CONSOLEWRITETEXTANDHEX@12
                0x00107804                __ZN15THREADSCHEDULER12REMOVETHREADEP6THREAD@8
                0x001014d4                __ZN10VMMCONTEXT8MAP_PAGEEPvS0_m@16
                0x00109a94                _INIT_IRQ_EVENT_HANDLERS@0
                0x001012d4                __ZN10VMMCONTEXT14FREE_PAGETABLEEPm@8
                0x00102e04                _FSIN@4
                0x00107ca4                _SYSCALL30HANDLER@4
                0x00102784                _CONSOLESETBACKGROUND@4
                0x001079f4                __ZN15THREADSCHEDULER14SETTHREADREADYEP6THREAD@8
                0x00104d44                _SLABINIT@0
                0x001052a4                _KMM_ALLOCPAGE@0
                0x001057f4                _PANICEXCEPTION@8
                0x00107044                _ENTERCRITICAL@0
                0x00104fd4                __ZN4SLABD1Ev
                0x00100f24                _VMM_EXIT@0
                0x00107224                __ZN6THREAD7ISVALIDEv@4
                0x00101904                _GET_RTC_REGISTER@4
                0x001006f4                _PARSE_CMDLINE@4
                0x001048e4                _ATOLHEX@4
                0x00104114                _UINTTOSTR@8
                0x00109074                __ZN5MUTEX7ACQUIREEP6THREAD@8
                0x001024e4                _CONSOLEWRITELINE@4
                0x00107174                __ZN6THREADD1Ev
                0x00105cc4                _VESAPROBE@0
                0x00105c24                _VESAGETMODEINFO@4
                0x001049c4                _ABSOLUTE@4
                0x00109914                _IPCSEND@40
                0x001008f4                _DOREALMODEACTION@4
                0x001016c4                __ZN10VMMCONTEXT10UNMAP_PAGEEPv@8
                0x001005e4                _MAIN@4
                0x00109af4                _SET_IRQ_EVENT_HANDLER@16
                0x00104f74                __ZN12SLABMETADATA11ISVALIDADDREPv@8
                0x001042f4                _STRCPY@8
                0x00100e44                _VMM_INIT@0
                0x00100fb4                _VMM_KERNEL_UNMAP@8
                0x00109a14                _IPC_THREAD_TERMINATED@4
                0x00106524                __ZN7PROCESS9ALLOCPAGEEmm@12
                0x001052e4                _KMM_FREEPAGE@4
                0x001033f4                _STRCMP@8
                0x00104354                _memcpy
                0x00102914                _CONSOLEUPDATECURSOR@0
                0x00109484                __ZN11IPCENDPOINT12CREATECOMMONEPS_P6THREADmm@16
                0x00104494                _memset
                0x001062a4                __ZN7PROCESS11CREATEMUTEXEv@4
                0x00104724                _ATOIHEX@4
                0x00107104                _INT20HANDLER@4
                0x001092b4                __ZN11IPCENDPOINT5NEWIDEv@0
                0x00100834                _KERNEL_ERROR@8
                0x00105e54                _VESASETMODE@4
                0x001028d4                _CONSOLEWRITEUNUMBER@8
                0x001091e4                __ZN11IPCENDPOINT8FINDBYIDEm@4
                0x00104cd4                _GETSMALLESTPOWEROFTWOO@4
                0x001075b4                __ZN11THREADQUEUE11ENQUEUETAILEP6THREAD@8
                0x001016e4                __ZN10VMMCONTEXT11UNMAP_RANGEEPvm@12
                0x001054c4                _INT_HANDLER@4
                0x00100b94                _KTSS_SET@16
                0x001044d4                _MEMSET32@12
                0x00104374                _MEMCPY16@12
                0x00101434                __ZN10VMMCONTEXT7AUTOMAPEPvmmmm@24
                0x00100d94                _LDT_SET_GATE@20
                0x00101214                __ZN10VMMCONTEXT13GET_PAGETABLEEm@8
                0x00107524                __ZN11THREADQUEUEC1Ev
                0x001096b4                __ZN11IPCENDPOINT7DEQUEUEEv@4
                0x001051b4                __ZN4SLAB4FREEEPv@8
                0x00105724                _IRQ_DISABLE@4
                0x00101304                __ZN10VMMCONTEXT15FIND_FREE_PAGESEmmm@16
                0x00105f94                __ZN7PROCESS10INITENGINEEv@0
                0x00105384                _INTERRUPTSMANAGER_INIT@0
                0x00109664                __ZN11IPCENDPOINT7ENQUEUEEP10IPCMESSAGE@8
                0x00109714                __ZN11IPCENDPOINT14PROCESSRECEIVEEv@4
                0x00100d64                _GDT_SET_GATE@20
                0x001057d4                _IRQ_SEND_ACK@4
                0x00102dc4                _FCOS@4
                0x001036b4                _STRTOUPPER@4
                0x001057b4                _IRQ_DETACH_HANDLER@4
                0x00102d74                _DSIN@8
                0x001044f4                _ATOI@4
                0x001074d4                __ZN6THREAD6DOWAITEP9IRQ_STACK@8
                0x00102d24                _DCOS@8
                0x00104bf4                _PMM_ALLOCPAGE@0
                0x001020a4                _CONSOLEPRINTOK@0
                0x00106fa4                __ZN17ADDRESSSPACEENTRY8COPYFROMEPvm@12
                0x00107784                __ZN15THREADSCHEDULERC1Ev
                0x00101654                __ZN10VMMCONTEXT9MAP_RANGEEPvS0_S0_m@20
                0x001098b4                _IPCSENDBODY@12
                0x00102984                _MODULES_INIT@4
                0x00109c14                _IRQ_EVENT_CHECK_ETC@8
                0x001008a4                _REALMODE_INIT@0
                0x00103a44                _FTOA@12
                0x00100f54                _VMM_GET_CURRENT_CONTEXT@0
                0x00106ca4                __ZN7PROCESS9ADDTHREADEPv@8
                0x00104db4                __ZN12SLABMETADATA6KALLOCEm@8
                0x00108ba4                _SYSCALL31HANDLER@4
                0x00103c54                _FLOATTOSTR@4
                0x00106ee4                __ZN17ADDRESSSPACEENTRYD1Ev
                0x00101a64                _GETTIMEBCD@0
                0x00103774                _STRTOLOWER@4
                0x00105004                __ZN4SLAB4INITEt@8
                0x00102b54                _MODULES_PRE_INIT@4
                0x00103dc4                _DOUBLETOSTR@8
                0x001027d4                _CONSOLEWRITETEXTANDDEC@12
                0x00103834                _SUBSTRING@12
                0x001017d4                _SET_TIMER_FREQ@4
                0x00102764                _CONSOLESETFOREGROUND@4
                0x001044b4                _MEMSET16@12
                0x00107614                __ZN11THREADQUEUE7DEQUEUEEv@4
                0x00101174                __ZN10VMMCONTEXT4SYNCEv@4
                0x00102284                _CONSOLEPRINTFAIL@0
                0x00103904                _STRENDSWITH@8
                0x00103524                _STRREV@4
                0x001050f4                __ZN4SLAB5ALLOCEm@8
                0x00104a14                _PMM_INIT@4
                0x00101944                _GETDATEBCD@0
                0x001041f4                _INTTOSTR@8
                0x00106844                __ZN7PROCESS14PARSEARGUMENTSEv@4
                0x00103624                _STRTOLOWERFIX@4
                0x00100a94                _KTSS_INIT@0
                0x00104eb4                __ZN12SLABMETADATA5KFREEEPv@8
                0x00102654                _CONSOLESCROLL@0
                0x00105364                _KFREE@4
                0x00109034                __ZN5MUTEXD1Ev
                0x00104414                _MEMCPY64@12
                0x001028f4                _CONSOLEWRITENUMBER@8
                0x00107064                _EXITCRITICAL@0
                0x00105884                _EXCEPTIONHANDLER@4
                0x00109bc4                _IRQ_EVENT_CHECK@4
                0x00106ba4                __ZN7PROCESS6CREATEEP17EXECUTABLE_HEADERmPhPS_@16
                0x00107844                __ZN15THREADSCHEDULER6SWITCHEP9IRQ_STACKP6THREAD@12
                0x00102614                _CONSOLENEWLINE@0
                0x00106d24                __ZN7PROCESS9TERMINATEEPS_@4
                0x00101fc4                _CONSOLEPUTCHAR@4
                0x00104804                _ATOL@4
                0x001076f4                __ZN11THREADQUEUE6REMOVEEP6THREAD@8
                0x00107554                __ZN11THREADQUEUE11ENQUEUEHEADEP6THREAD@8
                0x00102454                _CONSOLEBACKSPACE@0
                0x00108f44                __ZN6SIGNAL3SETEv@4
                0x00109da4                _IRQ_EVENT_THREAD_TERMINATED@4
                0x00107b34                _NEXTRANDOMNUMBER@8
                0x00106494                __ZN7PROCESS18REMOVEADDRESSSPACEEm@8
                0x00106794                __ZN7PROCESS6DOLOADEv@4
                0x00104014                _LONGTOSTR@8
                0x001093a4                __ZN11IPCENDPOINT8CREATEIDEmP6THREADmm@16
                0x00102804                _CONSOLEWRITETEXTANDSIZE@12
                0x00105bb4                _VESAGETINFO@0
                0x001043b4                _MEMCPY512@12
                0x00108de4                __ZN6SIGNALC1Ev
                0x00109524                __ZN10IPCMESSAGED1Ev
                0x001079c4                __ZN15THREADSCHEDULER17SETTHREADREADYNOWEP6THREAD@8
                0x001035b4                _STRTOUPPERFIX@4
                0x00104c64                _PMM_FREEPAGE@4
                0x00104394                _MEMCPY32@12
                0x00107444                __ZN6THREAD9ADDTOLISTEv@4
                0x00100c14                _GDT_INIT@0
                0x00100804                _IDLE_LOOP@0
                0x00101734                __ZN10VMMCONTEXT7RESOLVEEPv@8
                0x00105f74                _VESARESETSCREEN@0
                0x00100fe4                _VMM_INIT_LOCAL@0
                0x00106dd4                __ZN17ADDRESSSPACEENTRY4SBRKEm@8
                0x00108fb4                __ZN5MUTEXC1Ev
                0x00101e34                _PIC_IS_SPURIOUS@4
                0x001018a4                _MASK_IRQ@0
                0x00108e44                __ZN6SIGNALD1Ev
                0x00101884                _UNMASK_IRQ@0
                0x00105464                _SET_IDT@12
                0x001011c4                __ZN10VMMCONTEXT8ACTIVATEEv@4
                0x00102504                _CONSOLEWRITE@4
                0x00101034                __ZN10VMMCONTEXTD1Ev
                0x001065e4                __ZN7PROCESS10DOLOADFLATEv@4
                0x00101b44                _READ_RTC@0
                0x001030b4                _STRCONTAINS@8
                0x00101f14                _CONSOLEDRAWTITLE@0

.rodata
 *(.rodata)

.data           0x0010a000      0x670
 *(.data)
 .data          0x0010a000      0x670 obj/main.o

.ctors          0x0010a670        0x8
 .ctors         0x0010a670        0x8 obj/main.o

.dtors          0x0010a678        0x4
 .dtors         0x0010a678        0x4 obj/main.o

.bss            0x0010a67c   0x2023a0
                0x0010a67c                SBSS = .
 *(COMMON)
 *(.bss)
 .bss           0x0010a67c   0x100000 obj/0Start.o
 .bss           0x0020a67c   0x1023a0 obj/main.o
                0x0030ca1c                EBSS = .
                0x0030ca1c                _KERNEL_END = .
OUTPUT(bin/kernel.elf elf32-i386)

.rel.dyn        0x0030ca1c        0x0
 .rel.text      0x00000000        0x0 obj/0Start.o
